<?xml version="1.0" encoding="UTF-8"?>
<evr:claim-set xmlns:evr="https://evr.ma300k.de/claims/" xmlns:dc="http://purl.org/dc/terms/" dc:created="2023-12-14T12:45:18.667000Z">
  <evr:attr index-seed="0">
    <evr:a op="=" k="title" v="file"/>
    <evr:a op="+" k="class" v="file"/>
    <evr:a op="=" k="file-size" v="75053"/>
    <evr:a op="=" k="file" vf="claim-ref"/>
  </evr:attr>
</evr:claim-set>
